// Jest Snapshot v1, https://goo.gl/fbAQLP

exports[`The Login Form should render correctly 1`] = `
<main
  className="Login-main-1"
>
  <div
    className="MuiPaper-root-6 MuiPaper-elevation2-10 MuiPaper-rounded-7 Login-paper-2"
  >
    <div
      className="MuiAvatar-root-33 MuiAvatar-colorDefault-34 Login-avatar-3"
    >
      <svg
        aria-hidden="true"
        className="MuiSvgIcon-root-36"
        focusable="false"
        role="presentation"
        viewBox="0 0 24 24"
      >
        <g
          fill="none"
        >
          <path
            d="M0 0h24v24H0V0z"
          />
          <path
            d="M0 0h24v24H0V0z"
            opacity=".87"
          />
        </g>
        <path
          d="M18 8h-1V6c0-2.76-2.24-5-5-5S7 3.24 7 6v2H6c-1.1 0-2 .9-2 2v10c0 1.1.9 2 2 2h12c1.1 0 2-.9 2-2V10c0-1.1-.9-2-2-2zM9 6c0-1.66 1.34-3 3-3s3 1.34 3 3v2H9V6zm9 14H6V10h12v10zm-6-3c1.1 0 2-.9 2-2s-.9-2-2-2-2 .9-2 2 .9 2 2 2z"
        />
      </svg>
    </div>
    <h1
      className="MuiTypography-root-45 MuiTypography-h5-61"
    >
      Log In
    </h1>
    <h6
      className="MuiTypography-root-45 MuiTypography-h6-62"
      style={
        Object {
          "color": "red",
        }
      }
    >
      
      <br />
      
    </h6>
    <form
      className="Login-form-4"
      id="formLogin"
      onSubmit={[Function]}
    >
      <div
        className="MuiFormControl-root-81 MuiFormControl-marginNormal-82 MuiFormControl-fullWidth-84"
      >
        <label
          className="MuiFormLabel-root-96 MuiFormLabel-required-101 MuiInputLabel-required-89 MuiInputLabel-root-85 MuiInputLabel-formControl-90 MuiInputLabel-animated-93"
          data-shrink={false}
          htmlFor="email"
        >
          Email Address
          <span
            className="MuiFormLabel-asterisk-102"
          >
             *
          </span>
        </label>
        <div
          className="MuiInputBase-root-116 MuiInput-root-103 MuiInput-underline-107 MuiInputBase-formControl-117 MuiInput-formControl-104"
          onClick={[Function]}
        >
          <input
            aria-invalid={false}
            autoComplete="email"
            autoFocus={true}
            className="MuiInputBase-input-126 MuiInput-input-111"
            disabled={false}
            id="email"
            name="email"
            onBlur={[Function]}
            onChange={[Function]}
            onFocus={[Function]}
            required={true}
            type="text"
          />
        </div>
      </div>
      <div
        className="MuiFormControl-root-81 MuiFormControl-marginNormal-82 MuiFormControl-fullWidth-84"
      >
        <label
          className="MuiFormLabel-root-96 MuiFormLabel-required-101 MuiInputLabel-required-89 MuiInputLabel-root-85 MuiInputLabel-formControl-90 MuiInputLabel-animated-93"
          data-shrink={false}
          htmlFor="password"
        >
          Password
          <span
            className="MuiFormLabel-asterisk-102"
          >
             *
          </span>
        </label>
        <div
          className="MuiInputBase-root-116 MuiInput-root-103 MuiInput-underline-107 MuiInputBase-formControl-117 MuiInput-formControl-104"
          onClick={[Function]}
        >
          <input
            aria-invalid={false}
            autoComplete="current-password"
            className="MuiInputBase-input-126 MuiInput-input-111 MuiInputBase-inputType-129 MuiInput-inputType-114"
            disabled={false}
            id="password"
            name="password"
            onBlur={[Function]}
            onChange={[Function]}
            onFocus={[Function]}
            required={true}
            type="password"
          />
        </div>
      </div>
      <button
        className="MuiButtonBase-root-159 MuiButton-root-133 MuiButton-contained-144 MuiButton-containedPrimary-145 MuiButton-raised-147 MuiButton-raisedPrimary-148 MuiButton-fullWidth-158 Login-submit-5"
        disabled={false}
        id="login"
        onBlur={[Function]}
        onContextMenu={[Function]}
        onFocus={[Function]}
        onKeyDown={[Function]}
        onKeyUp={[Function]}
        onMouseDown={[Function]}
        onMouseLeave={[Function]}
        onMouseUp={[Function]}
        onTouchEnd={[Function]}
        onTouchMove={[Function]}
        onTouchStart={[Function]}
        tabIndex="0"
        type="submit"
      >
        <span
          className="MuiButton-label-134"
        >
          Sign in
        </span>
        <span
          className="MuiTouchRipple-root-162"
        />
      </button>
    </form>
  </div>
</main>
`;
