// Jest Snapshot v1, https://goo.gl/fbAQLP

exports[`The New Player Form should render correctly 1`] = `
<main
  className="NewPlayer-main-1"
>
  <div
    className="MuiPaper-root-7 MuiPaper-elevation2-11 MuiPaper-rounded-8 NewPlayer-paper-2"
  >
    <div
      className="MuiAvatar-root-34 MuiAvatar-colorDefault-35 NewPlayer-avatar-3"
    >
      <svg
        aria-hidden="true"
        className="MuiSvgIcon-root-37"
        focusable="false"
        role="presentation"
        viewBox="0 0 24 24"
      >
        <path
          d="M19 13h-6v6h-2v-6H5v-2h6V5h2v6h6v2z"
        />
        <path
          d="M0 0h24v24H0z"
          fill="none"
        />
      </svg>
    </div>
    <h1
      className="MuiTypography-root-46 MuiTypography-h5-62"
    >
      New Player
    </h1>
    <h6
      className="MuiTypography-root-46 MuiTypography-h6-63"
      style={
        Object {
          "color": "red",
        }
      }
    >
      
      <br />
      
    </h6>
    <form
      className="NewPlayer-form-4"
      onSubmit={[Function]}
    >
      <div
        className="flexGrid"
      >
        <div
          className="col"
        >
          <div
            className="MuiFormControl-root-82 MuiFormControl-marginNormal-83 almostWidth"
          >
            <label
              className="MuiFormLabel-root-97 MuiFormLabel-required-102 MuiInputLabel-required-90 MuiInputLabel-root-86 MuiInputLabel-formControl-91 MuiInputLabel-animated-94"
              data-shrink={false}
              htmlFor="first_name"
            >
              First Name
              <span
                className="MuiFormLabel-asterisk-103"
              >
                 *
              </span>
            </label>
            <div
              className="MuiInputBase-root-117 MuiInput-root-104 MuiInput-underline-108 MuiInputBase-formControl-118 MuiInput-formControl-105"
              onClick={[Function]}
            >
              <input
                aria-invalid={false}
                autoComplete="first_name"
                autoFocus={true}
                className="MuiInputBase-input-127 MuiInput-input-112"
                disabled={false}
                id="first_name"
                name="first_name"
                onBlur={[Function]}
                onChange={[Function]}
                onFocus={[Function]}
                required={true}
                type="text"
              />
            </div>
          </div>
        </div>
        <div
          className="col"
        >
          <div
            className="MuiFormControl-root-82 MuiFormControl-marginNormal-83 justifyEnd"
          >
            <label
              className="MuiFormLabel-root-97 MuiFormLabel-required-102 MuiInputLabel-required-90 MuiInputLabel-root-86 MuiInputLabel-formControl-91 MuiInputLabel-animated-94"
              data-shrink={false}
              htmlFor="last_name"
            >
              Last Name
              <span
                className="MuiFormLabel-asterisk-103"
              >
                 *
              </span>
            </label>
            <div
              className="MuiInputBase-root-117 MuiInput-root-104 MuiInput-underline-108 MuiInputBase-formControl-118 MuiInput-formControl-105"
              onClick={[Function]}
            >
              <input
                aria-invalid={false}
                autoComplete="last_name"
                className="MuiInputBase-input-127 MuiInput-input-112"
                disabled={false}
                id="last_name"
                name="last_name"
                onBlur={[Function]}
                onChange={[Function]}
                onFocus={[Function]}
                required={true}
                type="text"
              />
            </div>
          </div>
        </div>
      </div>
      <div
        className="MuiFormControl-root-82 MuiFormControl-marginNormal-83 MuiFormControl-fullWidth-85"
      >
        <label
          className="MuiFormLabel-root-97 MuiFormLabel-required-102 MuiInputLabel-required-90 MuiInputLabel-root-86 MuiInputLabel-formControl-91 MuiInputLabel-animated-94"
          data-shrink={false}
          htmlFor="email"
        >
          Rating
          <span
            className="MuiFormLabel-asterisk-103"
          >
             *
          </span>
        </label>
        <div
          className="MuiInputBase-root-117 MuiInput-root-104 MuiInput-underline-108 MuiInputBase-formControl-118 MuiInput-formControl-105"
          onClick={[Function]}
        >
          <input
            aria-invalid={false}
            autoComplete="rating"
            className="MuiInputBase-input-127 MuiInput-input-112"
            disabled={false}
            id="rating"
            name="rating"
            onBlur={[Function]}
            onChange={[Function]}
            onFocus={[Function]}
            required={true}
            type="text"
          />
        </div>
      </div>
      <div
        className="MuiFormControl-root-82"
      >
        <label
          className="MuiFormLabel-root-97 MuiFormLabel-filled-101 MuiInputLabel-root-86 MuiInputLabel-formControl-91 MuiInputLabel-animated-94 MuiInputLabel-shrink-93"
          data-shrink={true}
          htmlFor="handedness"
        >
          Choose
        </label>
        <div
          className="MuiInputBase-root-117 MuiInput-root-104 MuiInput-underline-108 MuiInputBase-fullWidth-126 MuiInput-fullWidth-111 MuiInputBase-formControl-118 MuiInput-formControl-105"
          onClick={[Function]}
          required={true}
        >
          <div
            className="MuiSelect-root-134"
          >
            <div
              aria-haspopup="true"
              aria-pressed="false"
              className="MuiSelect-select-135 MuiSelect-selectMenu-138 MuiInputBase-input-127 MuiInput-input-112"
              id="select-handedness"
              onBlur={[Function]}
              onClick={[Function]}
              onFocus={[Function]}
              onKeyDown={[Function]}
              role="button"
              tabIndex={0}
            >
              <span
                dangerouslySetInnerHTML={
                  Object {
                    "__html": "&#8203;",
                  }
                }
              />
            </div>
            <input
              id="handedness"
              name="handedness"
              type="hidden"
              value="none"
            />
            <svg
              aria-hidden="true"
              className="MuiSvgIcon-root-37 MuiSelect-icon-140"
              focusable="false"
              role="presentation"
              viewBox="0 0 24 24"
            >
              <path
                d="M7 10l5 5 5-5z"
              />
            </svg>
          </div>
        </div>
        <p
          className="MuiFormHelperText-root-145 MuiFormHelperText-filled-151"
        >
          Preferred Paddle Hand
        </p>
      </div>
      <button
        className="MuiButtonBase-root-179 MuiButton-root-153 MuiButton-contained-164 MuiButton-containedPrimary-165 MuiButton-raised-167 MuiButton-raisedPrimary-168 MuiButton-fullWidth-178 NewPlayer-submit-5"
        disabled={false}
        onBlur={[Function]}
        onContextMenu={[Function]}
        onFocus={[Function]}
        onKeyDown={[Function]}
        onKeyUp={[Function]}
        onMouseDown={[Function]}
        onMouseLeave={[Function]}
        onMouseUp={[Function]}
        onTouchEnd={[Function]}
        onTouchMove={[Function]}
        onTouchStart={[Function]}
        tabIndex="0"
        type="submit"
      >
        <span
          className="MuiButton-label-154"
        >
          Add Player
        </span>
        <span
          className="MuiTouchRipple-root-182"
        />
      </button>
      <br />
      <br />
      <button
        className="MuiButtonBase-root-179 MuiButton-root-153 MuiButton-contained-164 MuiButton-containedSecondary-166 MuiButton-raised-167 MuiButton-raisedSecondary-169 MuiButton-fullWidth-178"
        disabled={false}
        onBlur={[Function]}
        onClick={[Function]}
        onContextMenu={[Function]}
        onFocus={[Function]}
        onKeyDown={[Function]}
        onKeyUp={[Function]}
        onMouseDown={[Function]}
        onMouseLeave={[Function]}
        onMouseUp={[Function]}
        onTouchEnd={[Function]}
        onTouchMove={[Function]}
        onTouchStart={[Function]}
        tabIndex="0"
        type="button"
      >
        <span
          className="MuiButton-label-154"
        >
          Cancel
        </span>
        <span
          className="MuiTouchRipple-root-182"
        />
      </button>
    </form>
  </div>
</main>
`;
