// Jest Snapshot v1, https://goo.gl/fbAQLP

exports[`The Roster Table Row (RosterPlayer) should generate a table row for roster that includes player info and a delete option 1`] = `"<tr class=\\"MuiTableRow-root-6\\"><td class=\\"MuiTableCell-root-11 MuiTableCell-alignLeft-19 RosterPlayer-tableCell-1\\">liam neeson</td><td class=\\"MuiTableCell-root-11 MuiTableCell-alignRight-21 RosterPlayer-tableCell-1\\">9000</td><td class=\\"MuiTableCell-root-11 MuiTableCell-alignRight-21 RosterPlayer-tableCell-1\\">left</td><td class=\\"MuiTableCell-root-11 MuiTableCell-alignCenter-20 RosterPlayer-icon-2 delete\\"><button class=\\"MuiButtonBase-root-33 MuiFab-root-23 MuiFab-sizeSmall-31 RosterPlayer-fab-4\\" tabindex=\\"0\\" type=\\"button\\" aria-label=\\"Delete\\"><span class=\\"MuiFab-label-24\\"><svg class=\\"MuiSvgIcon-root-36\\" focusable=\\"false\\" viewBox=\\"0 0 24 24\\" aria-hidden=\\"true\\" role=\\"presentation\\"><path d=\\"M19 6.41L17.59 5 12 10.59 6.41 5 5 6.41 10.59 12 5 17.59 6.41 19 12 13.41 17.59 19 19 17.59 13.41 12z\\"></path><path fill=\\"none\\" d=\\"M0 0h24v24H0z\\"></path></svg></span><span class=\\"MuiTouchRipple-root-45\\"></span></button></td></tr>"`;

exports[`The Roster Table Row (RosterPlayer) should render correctly (match snapshot) 1`] = `
<tr
  className="MuiTableRow-root-6"
>
  <td
    aria-sort={null}
    className="MuiTableCell-root-11 MuiTableCell-alignLeft-19 RosterPlayer-tableCell-1"
  >
    liam
     
    neeson
  </td>
  <td
    aria-sort={null}
    className="MuiTableCell-root-11 MuiTableCell-alignRight-21 RosterPlayer-tableCell-1"
  >
    9000
  </td>
  <td
    aria-sort={null}
    className="MuiTableCell-root-11 MuiTableCell-alignRight-21 RosterPlayer-tableCell-1"
  >
    left
  </td>
  <td
    aria-sort={null}
    className="MuiTableCell-root-11 MuiTableCell-alignCenter-20 RosterPlayer-icon-2 delete"
  >
    <button
      aria-label="Delete"
      className="MuiButtonBase-root-33 MuiFab-root-23 MuiFab-sizeSmall-31 RosterPlayer-fab-4"
      disabled={false}
      onBlur={[Function]}
      onClick={[Function]}
      onContextMenu={[Function]}
      onFocus={[Function]}
      onKeyDown={[Function]}
      onKeyUp={[Function]}
      onMouseDown={[Function]}
      onMouseLeave={[Function]}
      onMouseUp={[Function]}
      onTouchEnd={[Function]}
      onTouchMove={[Function]}
      onTouchStart={[Function]}
      tabIndex="0"
      type="button"
    >
      <span
        className="MuiFab-label-24"
      >
        <svg
          aria-hidden="true"
          className="MuiSvgIcon-root-36"
          focusable="false"
          role="presentation"
          viewBox="0 0 24 24"
        >
          <path
            d="M19 6.41L17.59 5 12 10.59 6.41 5 5 6.41 10.59 12 5 17.59 6.41 19 12 13.41 17.59 19 19 17.59 13.41 12z"
          />
          <path
            d="M0 0h24v24H0z"
            fill="none"
          />
        </svg>
      </span>
      <span
        className="MuiTouchRipple-root-45"
      />
    </button>
  </td>
</tr>
`;
